I'm sorry, but errors were detected in your script. Please correct the
errors listed below, and try again.


File "game/script.rpy", line 89: show statement expects a non-empty block.
    show spoon:
               ^

Ren'Py Version: Ren'Py 8.3.2.24090902
Fri Jan  3 18:33:04 2025
